Sun Sep 20 21:54:17 CDT 2026
mechanical ancestry texts:
  click_5: Click the "CloseButton" TextButton in PanelLayer > Shop > StudShopPanel > Panel
  click_6: Click the "Travel" TextButton in PanelLayer > Worlds > WorldsPanel > Panel > ScrollingFrame > World1
  click_7: Click the "Travel" TextButton in PanelLayer > Worlds > WorldsPanel > Panel > ScrollingFrame > World2
  click_8: Click the "Travel" TextButton in PanelLayer > Worlds > WorldsPanel > Panel > ScrollingFrame > World3
  click_9: Click the "Hit" TextButton in PanelLayer > Shop > StudShopPanel > Panel > ScrollingFrame > Tier1
  click_10: Click the "Hit" TextButton in PanelLayer > Shop > StudShopPanel > Panel > ScrollingFrame > Tier2
== T1' plain, no explore + task
  rep 1: next -> click_5 conf 0.42 [click_5=0.52 click_6=0.29 click_9=0.14] | task -> click_5 conf 0.39 [click_5=0.49 click_9=0.41 click_6=0.05]
  rep 2: next -> click_5 conf 0.41 [click_5=0.52 click_6=0.26 click_9=0.16] | task -> click_9 conf 0.46 [click_9=0.55 click_5=0.34 click_6=0.06]
  rep 3: next -> click_5 conf 0.43 [click_5=0.53 click_6=0.28 click_9=0.14] | task -> click_5 conf 0.35 [click_5=0.45 click_9=0.44 click_6=0.05]
== T4 mechanical ancestry, no explore + task
  rep 1: next -> click_9 conf 0.31 [click_9=0.43 click_5=0.36 click_6=0.13] | task -> click_9 conf 0.89 [click_9=0.91 click_5=0.05 click_10=0.04]
  rep 2: next -> click_9 conf 0.3 [click_9=0.41 click_5=0.36 click_6=0.14] | task -> click_9 conf 0.9 [click_9=0.93 click_5=0.04 click_10=0.03]
  rep 3: next -> click_9 conf 0.27 [click_9=0.39 click_5=0.37 click_6=0.15] | task -> click_9 conf 0.9 [click_9=0.92 click_5=0.05 click_10=0.03]
== T3' target gone, plain, no explore + task
  rep 1: next -> click_6 conf 0.25 [click_6=0.45 click_5=0.36 click_8=0.13] | task -> click_5 conf 0.45 [click_5=0.59 click_6=0.31 click_8=0.06]
  rep 2: next -> click_6 conf 0.27 [click_6=0.45 click_5=0.36 click_8=0.13] | task -> click_5 conf 0.43 [click_5=0.58 click_6=0.33 click_8=0.05]
  rep 3: next -> click_6 conf 0.27 [click_6=0.46 click_5=0.36 click_8=0.13] | task -> click_5 conf 0.43 [click_5=0.57 click_6=0.32 click_8=0.06]
== T5 target gone, mechanical ancestry, no explore + task
  rep 1: next -> click_5 conf 0.42 [click_5=0.56 click_6=0.26 click_8=0.13] | task -> click_5 conf 0.89 [click_5=0.92 click_6=0.05 click_8=0.02]
  rep 2: next -> click_5 conf 0.4 [click_5=0.55 click_6=0.28 click_8=0.12] | task -> click_5 conf 0.9 [click_5=0.93 click_6=0.04 click_8=0.02]
  rep 3: next -> click_5 conf 0.36 [click_5=0.52 click_6=0.27 click_8=0.16] | task -> click_5 conf 0.91 [click_5=0.93 click_6=0.04 click_8=0.02]
